[    0.000000] Initializing cgroup subsys cpuset
[    0.000000] Initializing cgroup subsys cpu
[    0.000000] Initializing cgroup subsys cpuacct
[    0.000000] Linux version 4.4.0-210-generic (buildd@lgw01-amd64-009) (gcc version 5.4.0 20160609 (Ubuntu 5.4.0-6ubuntu1~16.04.12) ) #242-Ubuntu SMP Fri Apr 16 09:57:56 UTC 2021 (Ubuntu 4.4.0-210.242-generic 4.4.262)
[    0.000000] Command line: BOOT_IMAGE=/boot/vmlinuz-4.4.0-210-generic root=LABEL=cloudimg-rootfs ro console=tty1 console=ttyS0
[    0.000000] KERNEL supported cpus:
[    0.000000]   Intel GenuineIntel
[    0.000000]   AMD AuthenticAMD
[    0.000000]   Centaur CentaurHauls
[    0.000000] x86/fpu: Legacy x87 FPU detected.
[    0.000000] e820: BIOS-provided physical RAM map:
[    0.000000] BIOS-e820: [mem 0x0000000000000000-0x000000000009fbff] usable
[    0.000000] BIOS-e820: [mem 0x000000000009fc00-0x000000000009ffff] reserved
[    0.000000] BIOS-e820: [mem 0x00000000000f0000-0x00000000000fffff] reserved
[    0.000000] BIOS-e820: [mem 0x0000000000100000-0x000000003ffeffff] usable
[    0.000000] BIOS-e820: [mem 0x000000003fff0000-0x000000003fffffff] ACPI data
[    0.000000] BIOS-e820: [mem 0x00000000fec00000-0x00000000fec00fff] reserved
[    0.000000] BIOS-e820: [mem 0x00000000fee00000-0x00000000fee00fff] reserved
[    0.000000] BIOS-e820: [mem 0x00000000fffc0000-0x00000000ffffffff] reserved
[    0.000000] NX (Execute Disable) protection: active
[    0.000000] SMBIOS 2.5 present.
[    0.000000] Hypervisor detected: KVM
[    0.000000] e820: last_pfn = 0x3fff0 max_arch_pfn = 0x400000000
[    0.000000] MTRR: Disabled
[    0.000000] x86/PAT: MTRRs disabled, skipping PAT initialization too.
[    0.000000] CPU MTRRs all blank - virtualized system.
[    0.000000] x86/PAT: Configuration [0-7]: WB  WT  UC- UC  WB  WT  UC- UC  
[    0.000000] found SMP MP-table at [mem 0x0009fff0-0x0009ffff] mapped at [ffff88000009fff0]
[    0.000000] Scanning 1 areas for low memory corruption
[    0.000000] RAMDISK: [mem 0x362dc000-0x37165fff]
[    0.000000] ACPI: Early table checksum verification disabled
[    0.000000] ACPI: RSDP 0x00000000000E0000 000024 (v02 VBOX  )
[    0.000000] ACPI: XSDT 0x000000003FFF0030 00003C (v01 VBOX   VBOXXSDT 00000001 ASL  00000061)
[    0.000000] ACPI: FACP 0x000000003FFF00F0 0000F4 (v04 VBOX   VBOXFACP 00000001 ASL  00000061)
[    0.000000] ACPI: DSDT 0x000000003FFF0470 002325 (v02 VBOX   VBOXBIOS 00000002 INTL 20100528)
[    0.000000] ACPI: FACS 0x000000003FFF0200 000040
[    0.000000] ACPI: FACS 0x000000003FFF0200 000040
[    0.000000] ACPI: APIC 0x000000003FFF0240 00005C (v02 VBOX   VBOXAPIC 00000001 ASL  00000061)
[    0.000000] ACPI: SSDT 0x000000003FFF02A0 0001CC (v01 VBOX   VBOXCPUT 00000002 INTL 20100528)
[    0.000000] No NUMA configuration found
[    0.000000] Faking a node at [mem 0x0000000000000000-0x000000003ffeffff]
[    0.000000] NODE_DATA(0) allocated [mem 0x3ffeb000-0x3ffeffff]
[    0.000000] kvm-clock: Using msrs 4b564d01 and 4b564d00
[    0.000000] kvm-clock: cpu 0, msr 0:3ffe3001, primary cpu clock
[    0.000000] kvm-clock: using sched offset of 4100362279 cycles
[    0.000000] clocksource: kvm-clock: mask: 0xffffffffffffffff max_cycles: 0x1cd42e4dffb, max_idle_ns: 881590591483 ns
[    0.000000] Zone ranges:
[    0.000000]   DMA      [mem 0x0000000000001000-0x0000000000ffffff]
[    0.000000]   DMA32    [mem 0x0000000001000000-0x000000003ffeffff]
[    0.000000]   Normal   empty
[    0.000000]   Device   empty
[    0.000000] Movable zone start for each node
[    0.000000] Early memory node ranges
[    0.000000]   node   0: [mem 0x0000000000001000-0x000000000009efff]
[    0.000000]   node   0: [mem 0x0000000000100000-0x000000003ffeffff]
[    0.000000] Initmem setup node 0 [mem 0x0000000000001000-0x000000003ffeffff]
[    0.000000] ACPI: PM-Timer IO Port: 0x4008
[    0.000000] IOAPIC[0]: apic_id 2, version 32, address 0xfec00000, GSI 0-23
[    0.000000] ACPI: INT_SRC_OVR (bus 0 bus_irq 0 global_irq 2 dfl dfl)
[    0.000000] ACPI: INT_SRC_OVR (bus 0 bus_irq 9 global_irq 9 low level)
[    0.000000] Using ACPI (MADT) for SMP configuration information
[    0.000000] smpboot: Allowing 2 CPUs, 0 hotplug CPUs
[    0.000000] PM: Registered nosave memory: [mem 0x00000000-0x00000fff]
[    0.000000] PM: Registered nosave memory: [mem 0x0009f000-0x0009ffff]
[    0.000000] PM: Registered nosave memory: [mem 0x000a0000-0x000effff]
[    0.000000] PM: Registered nosave memory: [mem 0x000f0000-0x000fffff]
[    0.000000] e820: [mem 0x40000000-0xfebfffff] available for PCI devices
[    0.000000] Booting paravirtualized kernel on KVM
[    0.000000] clocksource: refined-jiffies: mask: 0xffffffff max_cycles: 0xffffffff, max_idle_ns: 7645519600211568 ns
[    0.000000] setup_percpu: NR_CPUS:512 nr_cpumask_bits:512 nr_cpu_ids:2 nr_node_ids:1
[    0.000000] PERCPU: Embedded 33 pages/cpu @ffff88003fc00000 s95192 r8192 d31784 u1048576
[    0.000000] Built 1 zonelists in Node order, mobility grouping on.  Total pages: 257912
[    0.000000] Policy zone: DMA32
[    0.000000] Kernel command line: BOOT_IMAGE=/boot/vmlinuz-4.4.0-210-generic root=LABEL=cloudimg-rootfs ro console=tty1 console=ttyS0
[    0.000000] PID hash table entries: 4096 (order: 3, 32768 bytes)
[    0.000000] Memory: 997792K/1048120K available (8644K kernel code, 1332K rwdata, 4044K rodata, 1492K init, 1164K bss, 50328K reserved, 0K cma-reserved)
[    0.000000] SLUB: HWalign=64, Order=0-3, MinObjects=0, CPUs=2, Nodes=1
[    0.000000] Kernel/User page tables isolation: enabled
[    0.000000] Hierarchical RCU implementation.
[    0.000000] 	Build-time adjustment of leaf fanout to 64.
[    0.000000] 	RCU restricting CPUs from NR_CPUS=512 to nr_cpu_ids=2.
[    0.000000] RCU: Adjusting geometry for rcu_fanout_leaf=64, nr_cpu_ids=2
[    0.000000] NR_IRQS:33024 nr_irqs:440 16
[    0.000000] Console: colour VGA+ 80x25
[    0.000000] console [tty1] enabled
[    0.000000] console [ttyS0] enabled
[    0.000000] tsc: Detected 2808.000 MHz processor
[    0.745274] Calibrating delay loop (skipped) preset value.. 5616.00 BogoMIPS (lpj=11232000)
[    0.756422] pid_max: default: 32768 minimum: 301
[    0.761579] ACPI: Core revision 20150930
[    0.767271] ACPI: 2 ACPI AML tables successfully acquired and loaded
[    0.782150] Security Framework initialized
[    0.790065] Yama: becoming mindful.
[    0.797110] AppArmor: AppArmor initialized
[    0.802217] Dentry cache hash table entries: 131072 (order: 8, 1048576 bytes)
[    0.819194] Inode-cache hash table entries: 65536 (order: 7, 524288 bytes)
[    0.837420] Mount-cache hash table entries: 2048 (order: 2, 16384 bytes)
[    0.850130] Mountpoint-cache hash table entries: 2048 (order: 2, 16384 bytes)
[    0.864533] Initializing cgroup subsys io
[    0.870671] Initializing cgroup subsys memory
[    0.879605] Initializing cgroup subsys devices
[    0.885080] Initializing cgroup subsys freezer
[    0.890632] Initializing cgroup subsys net_cls
[    0.896012] Initializing cgroup subsys perf_event
[    0.903896] Initializing cgroup subsys net_prio
[    0.911698] Initializing cgroup subsys hugetlb
[    0.920403] Initializing cgroup subsys pids
[    0.929693] mce: CPU supports 0 MCE banks
[    0.935306] Last level iTLB entries: 4KB 64, 2MB 8, 4MB 8
[    0.944666] Last level dTLB entries: 4KB 64, 2MB 0, 4MB 0, 1GB 4
[    0.952720] Spectre V1 : Mitigation: usercopy/swapgs barriers and __user pointer sanitization
[    0.967386] Spectre V2 : Mitigation: Full generic retpoline
[    0.979645] Spectre V2 : Spectre v2 / SpectreRSB mitigation: Filling RSB on context switch
[    0.990968] Speculative Store Bypass: Vulnerable
[    1.003675] MDS: Mitigation: Clear CPU buffers
[    1.058417] Freeing SMP alternatives memory: 36K
[    1.173534] ftrace: allocating 32380 entries in 127 pages
[    1.925007] smpboot: APIC(0) Converting physical 0 to logical package 0
[    1.935191] smpboot: Max logical packages: 1
[    1.965044] ..TIMER: vector=0x30 apic1=0 pin1=2 apic2=-1 pin2=-1
[    2.087180] smpboot: CPU0: Intel(R) Core(TM) i7-7700HQ CPU @ 2.80GHz (family: 0x6, model: 0x9e, stepping: 0x9)
[    2.108005] Performance Events: unsupported p6 CPU model 158 no PMU driver, software events only.
[    2.236329] KVM setup paravirtual spinlock
[    2.244860] x86: Booting SMP configuration:
[    2.250055] .... node  #0, CPUs:      #1
[    2.257084] kvm-clock: cpu 1, msr 0:3ffe3041, secondary cpu clock
[    2.263496] mce: CPU supports 0 MCE banks
[    2.267756] TSC synchronization [CPU#0 -> CPU#1]:
[    2.272941] Measured 68235 cycles TSC warp between CPUs, turning off TSC clock.
[    2.280644] tsc: Marking TSC unstable due to check_tsc_sync_source failed
[    0.644628] x86: Booted up 1 node, 2 CPUs
[    0.648003] smpboot: Total of 2 processors activated (11232.00 BogoMIPS)
[    0.656702] devtmpfs: initialized
[    0.664832] evm: security.selinux
[    0.668002] evm: security.SMACK64
[    0.672003] evm: security.SMACK64EXEC
[    0.676002] evm: security.SMACK64TRANSMUTE
[    0.680003] evm: security.SMACK64MMAP
[    0.684003] evm: security.ima
[    0.688002] evm: security.capability
[    0.692486] clocksource: jiffies: mask: 0xffffffff max_cycles: 0xffffffff, max_idle_ns: 7645041785100000 ns
[    0.696016] futex hash table entries: 512 (order: 3, 32768 bytes)
[    0.700393] pinctrl core: initialized pinctrl subsystem
[    0.704621] RTC time: 14:00:58, date: 06/26/23
[    0.712730] NET: Registered protocol family 16
[    0.728008] cpuidle: using governor ladder
[    0.744011] cpuidle: using governor menu
[    0.748011] PCCT header not found.
[    0.752090] ACPI: bus type PCI registered
[    0.756005] acpiphp: ACPI Hot Plug PCI Controller Driver version: 0.5
[    0.760681] PCI: Using configuration type 1 for base access
[    0.784547] ACPI: Added _OSI(Module Device)
[    0.788004] ACPI: Added _OSI(Processor Device)
[    0.792003] ACPI: Added _OSI(3.0 _SCP Extensions)
[    0.796005] ACPI: Added _OSI(Processor Aggregator Device)
[    0.801450] ACPI: Executed 1 blocks of module-level executable AML code
[    0.816102] ACPI: Interpreter enabled
[    0.820012] ACPI: (supports S0 S5)
[    0.824004] ACPI: Using IOAPIC for interrupt routing
[    0.828405] PCI: Using host bridge windows from ACPI; if necessary, use "pci=nocrs" and report a bug
[    0.843067] ACPI: PCI Root Bridge [PCI0] (domain 0000 [bus 00-ff])
[    0.844009] acpi PNP0A03:00: _OSC: OS supports [ASPM ClockPM Segments MSI]
[    0.852074] acpi PNP0A03:00: _OSC: not requesting OS control; OS requires [ExtendedConfig ASPM ClockPM MSI]
[    0.856014] acpi PNP0A03:00: fail to add MMCONFIG information, can't access extended PCI configuration space under this bridge.
[    0.860942] PCI host bridge to bus 0000:00
[    0.864006] pci_bus 0000:00: root bus resource [io  0x0000-0x0cf7 window]
[    0.868006] pci_bus 0000:00: root bus resource [io  0x0d00-0xffff window]
[    0.872006] pci_bus 0000:00: root bus resource [mem 0x000a0000-0x000bffff window]
[    0.876006] pci_bus 0000:00: root bus resource [mem 0x40000000-0xfdffffff window]
[    0.880007] pci_bus 0000:00: root bus resource [bus 00-ff]
[    0.895122] pci 0000:00:01.1: legacy IDE quirk: reg 0x10: [io  0x01f0-0x01f7]
[    0.896005] pci 0000:00:01.1: legacy IDE quirk: reg 0x14: [io  0x03f6]
[    0.900007] pci 0000:00:01.1: legacy IDE quirk: reg 0x18: [io  0x0170-0x0177]
[    0.904006] pci 0000:00:01.1: legacy IDE quirk: reg 0x1c: [io  0x0376]
[    0.933687] pci 0000:00:07.0: quirk: [io  0x4000-0x403f] claimed by PIIX4 ACPI
[    0.936050] pci 0000:00:07.0: quirk: [io  0x4100-0x410f] claimed by PIIX4 SMB
[    0.956690] ACPI: PCI Interrupt Link [LNKA] (IRQs 5 9 10 *11)
[    0.968558] ACPI: PCI Interrupt Link [LNKB] (IRQs 5 9 *10 11)
[    0.976267] ACPI: PCI Interrupt Link [LNKC] (IRQs 5 *9 10 11)
[    0.986681] ACPI: PCI Interrupt Link [LNKD] (IRQs 5 9 10 *11)
[    0.992326] ACPI: Enabled 2 GPEs in block 00 to 07
[    1.000153] vgaarb: setting as boot device: PCI:0000:00:02.0
[    1.004000] vgaarb: device added: PCI:0000:00:02.0,decodes=io+mem,owns=io+mem,locks=none
[    1.004009] vgaarb: loaded
[    1.007265] vgaarb: bridge control possible 0000:00:02.0
[    1.008532] SCSI subsystem initialized
[    1.012374] ACPI: bus type USB registered
[    1.016079] usbcore: registered new interface driver usbfs
[    1.020051] usbcore: registered new interface driver hub
[    1.024049] usbcore: registered new device driver usb
[    1.028638] PCI: Using ACPI for IRQ routing
[    1.033136] NetLabel: Initializing
[    1.036004] NetLabel:  domain hash size = 128
[    1.040008] NetLabel:  protocols = UNLABELED CIPSOv4
[    1.044030] NetLabel:  unlabeled traffic allowed by default
[    1.052109] amd_nb: Cannot enumerate AMD northbridges
[    1.056300] clocksource: Switched to clocksource kvm-clock
[    1.094746] AppArmor: AppArmor Filesystem Enabled
[    1.094746] pnp: PnP ACPI init
[    1.094746] pnp: PnP ACPI: found 3 devices
[    1.179514] clocksource: acpi_pm: mask: 0xffffff max_cycles: 0xffffff, max_idle_ns: 2085701024 ns
[    1.180864] NET: Registered protocol family 2
[    1.201494] TCP established hash table entries: 8192 (order: 4, 65536 bytes)
[    1.211941] TCP bind hash table entries: 8192 (order: 5, 131072 bytes)
[    1.215446] TCP: Hash tables configured (established 8192 bind 8192)
[    1.215446] UDP hash table entries: 512 (order: 2, 16384 bytes)
[    1.215446] UDP-Lite hash table entries: 512 (order: 2, 16384 bytes)
[    1.215446] NET: Registered protocol family 1
[    1.215446] pci 0000:00:00.0: Limiting direct PCI/PCI transfers
[    1.215446] pci 0000:00:01.0: Activating ISA DMA hang workarounds
[    1.215446] Unpacking initramfs...
[    1.215446] Freeing initrd memory: 14888K
[    1.215446] clocksource: tsc: mask: 0xffffffffffffffff max_cycles: 0x2879c5f06f2, max_idle_ns: 440795220049 ns
[    1.215446] platform rtc_cmos: registered platform RTC device (no PNP device found)
[    1.215446] Scanning for low memory corruption every 60 seconds
[    1.726524] audit: initializing netlink subsys (disabled)
[    1.732781] audit: type=2000 audit(1687788063.450:1): initialized
[    1.740193] Initialise system trusted keyring
[    1.747309] HugeTLB registered 2 MB page size, pre-allocated 0 pages
[    1.756285] zbud: loaded
[    1.760499] VFS: Disk quotas dquot_6.6.0
[    1.765050] VFS: Dquot-cache hash table entries: 512 (order 0, 4096 bytes)
[    1.773242] squashfs: version 4.0 (2009/01/31) Phillip Lougher
[    1.780715] fuse init (API version 7.23)
[    1.786099] Key type big_key registered
[    1.790551] Allocating IMA MOK and blacklist keyrings.
[    1.812875] Key type asymmetric registered
[    1.818205] Asymmetric key parser 'x509' registered
[    1.823952] Block layer SCSI generic (bsg) driver version 0.4 loaded (major 249)
[    1.833457] io scheduler noop registered
[    1.838285] io scheduler deadline registered (default)
[    1.844198] io scheduler cfq registered
[    1.849274] pci_hotplug: PCI Hot Plug PCI Core version: 0.5
[    1.853070] pciehp: PCI Express Hot Plug Controller Driver version: 0.4
[    1.853070] ACPI: AC Adapter [AC] (on-line)
[    1.853070] input: Power Button as /devices/LNXSYSTM:00/LNXPWRBN:00/input/input0
[    1.853070] ACPI: Power Button [PWRF]
[    1.853070] input: Sleep Button as /devices/LNXSYSTM:00/LNXSLPBN:00/input/input1
[    1.853070] ACPI: Sleep Button [SLPF]
[    1.893188] GHES: HEST is not enabled!
[    1.896388] ACPI: Battery Slot [BAT0] (battery present)
[    1.904364] Serial: 8250/16550 driver, 32 ports, IRQ sharing enabled
[    1.938248] 00:02: ttyS0 at I/O 0x3f8 (irq = 4, base_baud = 115200) is a 16550A
[    1.971028] Linux agpgart interface v0.103
[    1.990844] loop: module loaded
[    1.997150] scsi host0: ata_piix
[    2.003368] scsi host1: ata_piix
[    2.007458] ata1: PATA max UDMA/33 cmd 0x1f0 ctl 0x3f6 bmdma 0xd000 irq 14
[    2.011385] ata2: PATA max UDMA/33 cmd 0x170 ctl 0x376 bmdma 0xd008 irq 15
[    2.022703] libphy: Fixed MDIO Bus: probed
[    2.028339] tun: Universal TUN/TAP device driver, 1.6
[    2.034529] tun: (C) 1999-2004 Max Krasnyansky <maxk@qualcomm.com>
[    2.042160] PPP generic driver version 2.4.2
[    2.048738] ehci_hcd: USB 2.0 'Enhanced' Host Controller (EHCI) Driver
[    2.057576] ehci-pci: EHCI PCI platform driver
[    2.062901] ehci-platform: EHCI generic platform driver
[    2.066829] ohci_hcd: USB 1.1 'Open' Host Controller (OHCI) Driver
[    2.066829] ohci-pci: OHCI PCI platform driver
[    2.066829] ohci-platform: OHCI generic platform driver
[    2.066829] uhci_hcd: USB Universal Host Controller Interface driver
[    2.066829] i8042: PNP: PS/2 Controller [PNP0303:PS2K,PNP0f03:PS2M] at 0x60,0x64 irq 1,12
[    2.107876] serio: i8042 KBD port at 0x60,0x64 irq 1
[    2.115833] serio: i8042 AUX port at 0x60,0x64 irq 12
[    2.124156] mousedev: PS/2 mouse device common for all mice
[    2.136371] rtc_cmos rtc_cmos: rtc core: registered rtc_cmos as rtc0
[    2.144987] input: AT Translated Set 2 keyboard as /devices/platform/i8042/serio0/input/input2
[    2.158599] rtc_cmos rtc_cmos: alarms up to one day, 114 bytes nvram
[    2.168779] i2c /dev entries driver
[    2.240592] device-mapper: uevent: version 1.0.3
[    2.250071] device-mapper: ioctl: 4.34.0-ioctl (2015-10-28) initialised: dm-devel@redhat.com
[    2.264204] ledtrig-cpu: registered to indicate activity on CPUs
[    2.274373] NET: Registered protocol family 10
[    2.281055] NET: Registered protocol family 17
[    2.287317] Key type dns_resolver registered
[    2.293291] registered taskstats version 1
[    2.299489] Loading compiled-in X.509 certificates
[    2.305851] Loaded X.509 cert 'Build time autogenerated kernel key: cf00e047681d67edb2720680708b7d9498083038'
[    2.317871] zswap: loaded using pool lzo/zbud
[    2.329050] Key type trusted registered
[    2.344823] Key type encrypted registered
[    2.351023] AppArmor: AppArmor sha1 policy hashing enabled
[    2.357597] ima: No TPM chip found, activating TPM-bypass!
[    2.364335] ima: Allocated hash algorithm: sha1
[    2.370657] evm: HMAC attrs: 0x1
[    2.377023]   Magic number: 11:400:31
[    2.383606] rtc_cmos rtc_cmos: setting system clock to 2023-06-26 14:01:00 UTC (1687788060)
[    2.393696] BIOS EDD facility v0.16 2004-Jun-25, 0 devices found
[    2.401729] EDD information not available.
[    2.409530] Freeing unused kernel memory: 1492K
[    2.420479] Write protecting the kernel read-only data: 14336k
[    2.435697] Freeing unused kernel memory: 1584K
[    2.447397] Freeing unused kernel memory: 52K
Loading, please wait...
starting version 229
[    2.484761] random: udevadm: uninitialized urandom read (16 bytes read, 5 bits of entropy available)
[    2.484787] random: systemd-udevd: uninitialized urandom read (16 bytes read, 5 bits of entropy available)
[    2.484847] random: systemd-udevd: uninitialized urandom read (16 bytes read, 5 bits of entropy available)
[    2.484855] random: systemd-udevd: uninitialized urandom read (16 bytes read, 5 bits of entropy available)
[    2.484865] random: systemd-udevd: uninitialized urandom read (16 bytes read, 5 bits of entropy available)
[    2.539259] random: udevadm: uninitialized urandom read (16 bytes read, 5 bits of entropy available)
[    2.560199] random: systemd-udevd: uninitialized urandom read (16 bytes read, 5 bits of entropy available)
[    2.563506] random: udevadm: uninitialized urandom read (16 bytes read, 5 bits of entropy available)
[    2.563542] random: udevadm: uninitialized urandom read (16 bytes read, 5 bits of entropy available)
[    2.563712] random: udevadm: uninitialized urandom read (16 bytes read, 5 bits of entropy available)
[    2.654326] Fusion MPT base driver 3.04.20
[    2.660252] Copyright (c) 1999-2008 LSI Corporation
[    2.683623] e1000: Intel(R) PRO/1000 Network Driver - version 7.3.21-k8-NAPI
[    2.691973] e1000: Copyright (c) 1999-2006 Intel Corporation.
[    2.752787] Fusion MPT SPI Host driver 3.04.20
[    3.139544] input: ImExPS/2 Generic Explorer Mouse as /devices/platform/i8042/serio1/input/input4
[    3.462299] e1000 0000:00:03.0 eth0: (PCI:33MHz:32-bit) 02:be:82:6b:cc:1d
[    3.470562] e1000 0000:00:03.0 eth0: Intel(R) PRO/1000 Network Connection
[    4.377993] e1000 0000:00:08.0 eth1: (PCI:33MHz:32-bit) 08:00:27:fc:6f:16
[    4.386816] e1000 0000:00:08.0 eth1: Intel(R) PRO/1000 Network Connection
[    4.397726] e1000 0000:00:03.0 enp0s3: renamed from eth0
[    4.414908] mptbase: ioc0: Initiating bringup
[    4.432666] e1000 0000:00:08.0 enp0s8: renamed from eth1
[    4.498838] ioc0: LSI53C1030 A0: Capabilities={Initiator}
[    4.853018] scsi host2: ioc0: LSI53C1030 A0, FwRev=00000000h, Ports=1, MaxQ=256, IRQ=20
[    5.002921] scsi 2:0:0:0: Direct-Access     VBOX     HARDDISK         1.0  PQ: 0 ANSI: 5
[    5.013625] scsi target2:0:0: Beginning Domain Validation
[    5.029541] scsi target2:0:0: Domain Validation skipping write tests
[    5.038194] scsi target2:0:0: Ending Domain Validation
[    5.045186] scsi target2:0:0: asynchronous
[    5.054584] scsi 2:0:1:0: Direct-Access     VBOX     HARDDISK         1.0  PQ: 0 ANSI: 5
[    5.064583] scsi target2:0:1: Beginning Domain Validation
[    5.080577] scsi target2:0:1: Domain Validation skipping write tests
[    5.088715] scsi target2:0:1: Ending Domain Validation
[    5.095790] scsi target2:0:1: asynchronous
[    5.134942] sd 2:0:0:0: Attached scsi generic sg0 type 0
[    5.142935] sd 2:0:0:0: [sda] 83886080 512-byte logical blocks: (42.9 GB/40.0 GiB)
[    5.177353] sd 2:0:1:0: Attached scsi generic sg1 type 0
[    5.178868] sd 2:0:1:0: [sdb] 20480 512-byte logical blocks: (10.5 MB/10.0 MiB)
[    5.180597] sd 2:0:1:0: [sdb] Write Protect is off
[    5.181273] sd 2:0:1:0: [sdb] Incomplete mode parameter data
[    5.181274] sd 2:0:1:0: [sdb] Assuming drive cache: write through
[    5.182773] sd 2:0:0:0: [sda] Write Protect is off
[    5.183493] sd 2:0:0:0: [sda] Incomplete mode parameter data
[    5.183494] sd 2:0:0:0: [sda] Assuming drive cache: write through
[    5.190813] sd 2:0:1:0: [sdb] Attached SCSI disk
[    5.192850]  sda: sda1
[    5.195431] sd 2:0:0:0: [sda] Attached SCSI disk
Begin: Loading essential drivers ... [    7.022724] md: linear personality registered for level -1
[    7.035487] md: multipath personality registered for level -4
[    7.046899] md: raid0 personality registered for level 0
[    7.069956] md: raid1 personality registered for level 1
[    7.148267] raid6: sse2x1   gen() 10114 MB/s
[    7.222405] raid6: sse2x1   xor()  7462 MB/s
[    7.292649] raid6: sse2x2   gen() 12896 MB/s
[    7.364133] raid6: sse2x2   xor()  8823 MB/s
[    7.436085] raid6: sse2x4   gen() 14846 MB/s
[    7.508351] raid6: sse2x4   xor()  9952 MB/s
[    7.514030] raid6: using algorithm sse2x4 gen() 14846 MB/s
[    7.520109] raid6: .... xor() 9952 MB/s, rmw enabled
[    7.525983] raid6: using ssse3x2 recovery algorithm
[    7.534957] xor: measuring software checksum speed
[    7.580628]    prefetch64-sse: 18013.000 MB/sec
[    7.624550]    generic_sse: 15678.000 MB/sec
[    7.629952] xor: using function: prefetch64-sse (18013.000 MB/sec)
[    7.640416] async_tx: api initialized (async)
[    7.694825] md: raid6 personality registered for level 6
[    7.702278] md: raid5 personality registered for level 5
[    7.710376] md: raid4 personality registered for level 4
[    7.749805] md: raid10 personality registered for level 10
done.
Begin: Running /scripts/init-premount ... done.
Begin: Mounting root file system ... Begin: Running /scripts/local-top ... done.
Begin: Running /scripts/local-premount ... [    7.846192] Btrfs loaded
Scanning for Btrfs filesystems
done.
Warning: fsck not present, so skipping root file system
[    7.932311] EXT4-fs (sda1): mounted filesystem with ordered data mode. Opts: (null)
done.
Begin: Running /scripts/local-bottom ... done.
Begin: Running /scripts/init-bottom ... done.
[    8.166079] systemd[1]: systemd 229 running in system mode. (+PAM +AUDIT +SELINUX +IMA +APPARMOR +SMACK +SYSVINIT +UTMP +LIBCRYPTSETUP +GCRYPT +GNUTLS +ACL +XZ -LZ4 +SECCOMP +BLKID +ELFUTILS +KMOD -IDN)
[    8.184577] systemd[1]: Detected virtualization oracle.
[    8.190517] systemd[1]: Detected architecture x86-64.

Welcome to [1mUbuntu 16.04.7 LTS[0m!

[    8.208102] systemd[1]: Set hostname to <ubuntu>.
[    8.222612] systemd[1]: Initializing machine ID from random generator.
[    8.230608] systemd[1]: Installed transient /etc/machine-id file.
[    8.509899] systemd[1]: Listening on udev Control Socket.
[[0;32m  OK  [0m] Listening on udev Control Socket.
[    8.519604] systemd[1]: Listening on fsck to fsckd communication Socket.
[[0;32m  OK  [0m] Listening on fsck to fsckd communication Socket.
[    8.531474] systemd[1]: Started Forward Password Requests to Wall Directory Watch.
[[0;32m  OK  [0m] Started Forward Password Requests to Wall Directory Watch.
[    8.546395] systemd[1]: Reached target User and Group Name Lookups.
[[0;32m  OK  [0m] Reached target User and Group Name Lookups.
[    8.558332] systemd[1]: Listening on Syslog Socket.
[[0;32m  OK  [0m] Listening on Syslog Socket.
[    8.568581] systemd[1]: Set up automount Arbitrary Executable File Formats File System Automount Point.
[[0;32m  OK  [0m] Set up automount Arbitrary Executab...ats File System Automount Point.
[    8.585091] systemd[1]: Listening on Journal Socket (/dev/log).
[[0;32m  OK  [0m] Listening on Journal Socket (/dev/log).
[    8.597141] systemd[1]: Created slice System Slice.
[[0;32m  OK  [0m] Created slice System Slice.
[    8.608681] systemd[1]: Listening on /dev/initctl Compatibility Named Pipe.
[[0;32m  OK  [0m] Listening on /dev/initctl Compatibility Named Pipe.
[    8.621998] systemd[1]: Listening on udev Kernel Socket.
[[0;32m  OK  [0m] Listening on udev Kernel Socket.
[    8.632714] systemd[1]: Listening on LVM2 metadata daemon socket.
[[0;32m  OK  [0m] Listening on LVM2 metadata daemon socket.
[    8.644727] systemd[1]: Listening on Device-mapper event daemon FIFOs.
[[0;32m  OK  [0m] Listening on Device-mapper event daemon FIFOs.
[    8.657618] systemd[1]: Listening on Journal Audit Socket.
[[0;32m  OK  [0m] Listening on Journal Audit Socket.
[    8.668567] systemd[1]: Created slice system-serial\x2dgetty.slice.
[[0;32m  OK  [0m] Created slice system-serial\x2dgetty.slice.
[    8.681061] systemd[1]: Listening on LVM2 poll daemon socket.
[[0;32m  OK  [0m] Listening on LVM2 poll daemon socket.
[    8.692489] systemd[1]: Listening on Journal Socket.
[[0;32m  OK  [0m] Listening on Journal Socket.
[    8.712718] systemd[1]: Mounting Huge Pages File System...
         Mounting Huge Pages File System...
[    8.725536] systemd[1]: Starting Monitoring of LVM2 mirrors, snapshots etc. using dmeventd or progress polling...
         Starting Monitoring of LVM2 mirrors... dmeventd or progress polling...
[    8.743508] systemd[1]: Starting File System Check on Root Device...
         Starting File System Check on Root Device...
[    8.757255] systemd[1]: Mounting POSIX Message Queue File System...
         Mounting POSIX Message Queue File System...
[    8.771460] systemd[1]: Starting Uncomplicated firewall...
         Starting Uncomplicated firewall...
[    8.792200] systemd[1]: Starting Create list of required static device nodes for the current kernel...
         Starting Create list of required st... nodes for the current kernel...
[    8.818233] systemd[1]: Starting Load Kernel Modules...
         Starting Load Kernel Modules...
[    8.841850] systemd[1]: Starting Nameserver information manager...
         Starting Nameserver information manager...
[    8.858884] systemd[1]: Reached target System Time Synchronized.
[[0;32m  OK  [0m] Reached target System Time Synchronized.
[    8.873790] Loading iSCSI transport class v2.0-870.
[    8.874283] systemd[1]: Created slice User and Session Slice.
[[0;32m  OK  [0m] Created slice User and Session Slice.
[    8.892328] systemd[1]: Reached target Swap.
[[0;32m  OK  [0m] Reached target Swap.
[    8.909199] iscsi: registered transport (tcp)
[    8.920664] systemd[1]: Mounting Debug File System...
         Mounting Debug File System...
[    8.931116] systemd[1]: Starting Set console keymap...
         Starting Set console keymap...
[    8.944295] systemd[1]: Reached target Encrypted Volumes.
[[0;32m  OK  [0m] Reached target Encrypted Volumes.
[    8.964743] systemd[1]: Starting Journal Service...
         Starting Journal Service...
[    8.978796] systemd[1]: Started Trigger resolvconf update for networkd DNS.
[[0;32m  OK  [0m] Started Trigger resolvconf update for networkd DNS.
[    8.993361] systemd[1]: Reached target Slices.
[[0;32m  OK  [0m] Reached target Slices.
[    9.006768] systemd[1]: Mounted Huge Pages File System.
[[0;32m  OK  [0m] Mounted Huge Pages File System.
[    9.019850] systemd[1]: Mounted POSIX Message Queue File System.
[[0;32m  OK  [0m] Mounted POSIX Message Queue File System.
[    9.032903] systemd[1]: Mounted Debug File System.
[[0;32m  OK  [0m] Mounted Debug File System.
[    9.043129] systemd[1]: Started File System Check on Root Device.
[[0;32m  OK  [0m] Started File System Check on Root Device.
[    9.072659] systemd[1]: Started Uncomplicated firewall.
[[0;32m  OK  [0m] Started Uncomplicated firewall.
[    9.090564] systemd[1]: Started Create list of required static device nodes for the current kernel.
[[0;32m  OK  [0m] Started Create list of required sta...ce nodes for the current kernel.
[    9.122988] iscsi: registered transport (iser)
[    9.131763] systemd[1]: Started Set console keymap.
[[0;32m  OK  [0m] Started Set console keymap.
[    9.156023] systemd[1]: Started Load Kernel Modules.
[[0;32m  OK  [0m] Started Load Kernel Modules.
[    9.171261] systemd[1]: Started Nameserver information manager.
[[0;32m  OK  [0m] Started Nameserver information manager.
[    9.190550] systemd[1]: Started Journal Service.
[[0;32m  OK  [0m] Started Journal Service.
[[0;32m  OK  [0m] Started LVM2 metadata daemon.
[[0;32m  OK  [0m] Started File System Check Daemon to report status.
         Mounting FUSE Control File System...
         Starting Apply Kernel Variables...
         Starting Create Static Device Nodes in /dev...
         Starting Remount Root and Kernel File Systems...
[[0;32m  OK  [0m] Mounted FUSE Control File System.
[[0;32m  OK  [0m] Started Apply Kernel Variables.
[[0;32m  OK  [0m] Started Create Static Device Nodes in /dev.
[[0;32m  OK  [0m] Started Remount Root and Kernel File Systems.
         Starting Flush Journal to Persistent Storage...
         Starting udev Coldplug all Devices...
         Starting Load/Save Random Seed...
         Starting udev Kernel Device Manager...
[[0;32m  OK  [0m] Started Load/Save Random Seed.
[[0;32m  OK  [0m] Started Flush Journal to Persistent Storage.
[[0;32m  OK  [0m] Started udev Kernel Device Manager.
[[0;32m  OK  [0m] Started udev Coldplug all Devices.
[[0;32m  OK  [0m] Started Dispatch Password Requests to Console Directory Watch.
[[0;32m  OK  [0m] Started Monitoring of LVM2 mirrors,...ng dmeventd or progress polling.
[[0;32m  OK  [0m] Reached target Local File Systems (Pre).
[[0;32m  OK  [0m] Reached target Local File Systems.
         Starting Commit a transient machine-id on disk...
         Starting Initial cloud-init job (pre-networking)...
         Starting Set console font and keymap...
         Starting Tell Plymouth To Write Out Runtime Data...
         Starting LSB: AppArmor initialization...
         Starting Create Volatile Files and Directories...
[[0;32m  OK  [0m] Started Commit a transient machine-id on disk.
[[0;32m  OK  [0m] Started Tell Plymouth To Write Out Runtime Data.
[[0;32m  OK  [0m] Started Create Volatile Files and Directories.
[[0;32m  OK  [0m] Found device /dev/ttyS0.
         Starting Update UTMP about System Boot/Shutdown...
[[0;32m  OK  [0m] Listening on Load/Save RF Kill Switch Status /dev/rfkill Watch.
[[0;32m  OK  [0m] Started Update UTMP about System Boot/Shutdown.
[[0;32m  OK  [0m] Started LSB: AppArmor initialization.
[   11.735201] cloud-init[500]: Cloud-init v. 21.1-19-gbad84ad4-0ubuntu1~16.04.2 running 'init-local' at Mon, 26 Jun 2023 14:01:09 +0000. Up 11.24 seconds.
[[0;32m  OK  [0m] Started Initial cloud-init job (pre-networking).
[[0;32m  OK  [0m] Reached target Network (Pre).
         Starting Load AppArmor profiles managed internally by snapd...
         Starting Raise network interfaces...
[[0;32m  OK  [0m] Started Load AppArmor profiles managed internally by snapd.
[[0;32m  OK  [0m] Started Set console font and keymap.
[[0;32m  OK  [0m] Created slice system-getty.slice.
[[0;32m  OK  [0m] Started Raise network interfaces.
[[0;32m  OK  [0m] Reached target Network.
         Starting Initial cloud-init job (metadata service crawler)...
[   14.173313] cloud-init[939]: Cloud-init v. 21.1-19-gbad84ad4-0ubuntu1~16.04.2 running 'init' at Mon, 26 Jun 2023 14:01:11 +0000. Up 13.53 seconds.
[   14.183487] cloud-init[939]: ci-info: ++++++++++++++++++++++++++++++++++++++Net device info+++++++++++++++++++++++++++++++++++++++
[   14.197040] cloud-init[939]: ci-info: +--------+-------+----------------------------+---------------+--------+-------------------+
[   14.209234] cloud-init[[0;32m  OK  [0m] Started Initial cloud-init job (metadata service crawler).
[939]: ci-info: | Device |   Up  |          Address           |      Mask     | Scope  |     Hw-Address    |[[0;32m  OK  [0m] Reached target System Initialization.
[[0;32m  OK  [0m] Listening on D-Bus System Message Bus Socket.
[[0;32m  OK  [0m] Listening on UUID daemon activation socket.
[[0;32m  OK  [0m] Started Daily apt download activities.
         Starting Socket activation for snappy daemon.

[[0;32m  OK  [0m] Started ACPI Events Check.
[   14.239247] [[0;32m  OK  [0m] Reached target Paths.
[[0;32m  OK  [0m] Started Daily Cleanup of Temporary Directories.
[[0;32m  OK  [0m] Started Daily apt upgrade and clean activities.
[[0;32m  OK  [0m] Listening on ACPID Listen Socket.
[[0;32m  OK  [0m] Started Ubuntu Advantage update messaging.
[[0;32m  OK  [0m] Started Message of the Day.
[[0;32m  OK  [0m] Reached target Timers.
cloud-init[939]: ci-info: +--------+-------+----------------------------+---------------+--------+-------------------+
         Starting LXD - unix socket.
[   14.262902] [[0;32m  OK  [0m] Reached target Network is Online.
cloud-init[939]: ci-info: | enp0s3 |  True |         10.0.2.15          | 255.255.255.0 | global | 02:be:82:6b:cc:1d |
[   14.274311] cloud-init[939]: ci-info: | enp0s3 |  True | fe80::be:82ff:fe6b:cc1d/64 |       .       |  link  | 02:be:82:6b:cc:1d |
[   14.284004] cloud-init[939]: ci-info: | enp0s8 | False |             .              |       .       |   .    | 08:00:27:fc:6f:16 |
[   14.293825]          Starting iSCSI initiator daemon (iscsid)...
[[0;32m  OK  [0m] Reached target Cloud-config availability.
[[0;32m  OK  [0m] Listening on Socket activation for snappy daemon.
[[0;32m  OK  [0m] Listening on LXD - unix socket.
[[0;32m  OK  [0m] Reached target Sockets.
[[0;32m  OK  [0m] Reached target Basic System.
cloud-init         Starting LXD - container startup/shutdown...
         Starting System Logging Service...
[[0;32m  OK  [0m] Started Deferred execution scheduler.
         Starting Virtualbox guest utils...
         Starting LSB: MD monitoring daemon...
[939]: ci-info: |   lo   |  True |         127.0.0.1          |   255.0.0.0   |  host  |         .         |[[0;32m  OK  [0m] Started Regular background program processing daemon.
         Starting Accounts Service...
         Starting Pollinate to seed the pseudo random number generator...
         Starting /etc/rc.local Compatibility...
[[0;32m  OK  [0m] Started D-Bus System Message Bus.

[   14.386592] cloud-init[939]: ci-info: |   lo   |  True |          ::1/128           |       .       |  host  |         .         |
[   14.403109] cloud-init[939]: ci-info: +--------+-------+----------------------------+---------------+--------+-------------------+
[   14.421824] cloud-init[939]: ci-info: +++++++++++++++++++++++++++Route IPv4 info++++++++++++++++++++++++++++
[   14.439259] cloud-init[939]: ci-info: +-------+-------------+----------+---------------+-----------+-------+
[   14.469178] cloud-init[939]: ci-info: | Route | Destination | Gateway  |    Genmask    | Interface | Flags |
[   14.489407] cloud-init[939]: [[0;32m  OK  [0m] Started ACPI event daemon.
         Starting LSB: Record successful boot for GRUB...
ci-info: +-------+-------------+----------+---------------+-----------+-------+         Starting Snap Daemon...

         Starting Login Service...
[   14.516341] [[0;32m  OK  [0m] Started FUSE filesystem for LXC.
[[0;32m  OK  [0m] Started System Logging Service.
[[0;32m  OK  [0m] Started /etc/rc.local Compatibility.
cloud-init[939]: ci-info: |   0   |   0.0.0.0   | 10.0.2.2 |    0.0.0.0    |   enp0s3  |   UG  |
[   14.562654]          Starting Authenticate and Authorize Users to Run Privileged Tasks...
[[0;32m  OK  [0m] Started iSCSI initiator daemon (iscsid).
         Starting Login to default iSCSI targets...
cloud-init[939]: ci-info: |   1   |   10.0.2.0  | 0.0.0.0  | 255.255.255.0 |   enp0s3  |   U   |
[   14.618565] cloud-init[939]: ci-info: +-------+-------------+----------+---------------+-----------+-------+[[0;32m  OK  [0m] Started Login Service.
[[0;32m  OK  [0m] Started Unattended Upgrades Shutdown.
[[0;32m  OK  [0m] Started LSB: Record successful boot for GRUB.

[   14.684686] [[0;32m  OK  [0m] Started LSB: MD monitoring daemon.
cloud-init[939]: ci-info: +++++++++++++++++++Route IPv6 info+++++++++++++++++++[[0;32m  OK  [0m] Started LXD - container startup/shutdown.
[[0;32m  OK  [0m] Started Login to default iSCSI targets.
[[0;32m  OK  [0m] Reached target Remote File Systems (Pre).
[[0;32m  OK  [0m] Reached target Remote File Systems.
         Starting LSB: automatic crash report generation...
         Starting LSB: daemon to balance interrupts for SMP systems...
         Starting LSB: Set the CPU Frequency Scaling governor to "ondemand"...
         Starting Permit User Sessions...
[[0;32m  OK  [0m] Started Authenticate and Authorize Users to Run Privileged Tasks.
[[0;32m  OK  [0m] Started Accounts Service.
[[0;32m  OK  [0m] Started Permit User Sessions.
         Starting Hold until boot process finishes up...
         Starting Terminate Plymouth Boot Screen...
[[0;32m  OK  [0m] Started Hold until boot process finishes up.
[[0;32m  OK  [0m] Started Serial Getty on ttyS0.
         Starting Set console scheme...
[[0;32m  OK  [0m] Started Getty on tty1.
[[0;32m  OK  [0m] Reached target Login Prompts.
[[0;32m  OK  [0m] Started Set console scheme.

[[0;32m  OK  [0m] Started Terminate Plymouth Boot Screen.
[   14.783450] cloud-init[[0;32m  OK  [0m] Started LSB: Set the CPU Frequency Scaling governor to "ondemand".
[939]: ci-info: +-------+-------------+---------+-----------+-------+
[[0;32m  OK  [0m] Started LSB: daemon to balance interrupts for SMP systems.
[[0;32m  OK  [0m] Started LSB: automatic crash report generation.
[   14.847672] cloud-init[939]: ci-info: | Route | Destination | Gateway | Interface | Flags |
[[0;32m  OK  [0m] Started Virtualbox guest utils.
[   14.897024] cloud-init[939]: ci-info: +-------+-------------+---------+-----------+-------+
[   14.920741] cloud-init[939]: ci-info: |   0   |  fe80::/64  |    ::   |   enp0s3  |   U   |
[   14.941288] cloud-init[939]: ci-info: |   3   |   ff00::/8  |    ::   |   enp0s3  |   U   |
[   14.949057] cloud-init[939]: ci-info: +-------+-------------+---------+-----------+-------+
[   14.958340] cloud-init[939]: Generating public/private rsa key pair.
[   14.978836] cloud-init[939]: Your identification has been saved in /etc/ssh/ssh_host_rsa_key.
[   14.990695] cloud-init[939]: Your public key has been saved in /etc/ssh/ssh_host_rsa_key.pub.
[   15.005168] cloud-init[939]: The key fingerprint is:
[   15.019820] cloud-init[939]: SHA256:Uj3yh4sb3nxIFflvpMsNv+XxlFArQoeQZB9fFiWdHCo root@ubuntu-xenial
[   15.036334] cloud-init[939]: The key's randomart image is:
[   15.052817] cloud-init[939]: +---[RSA 2048]----+
[   15.063297] cloud-init[939]: |        .+.. .o**|
[   15.078000] cloud-init[939]: |        .oo * ++.|
[   15.086868] cloud-init[939]: |        o oE * . |
[   15.094718] cloud-init[939]: |       . o.o+ o o|
[   15.109530] cloud-init[939]: |      . S oo.o = |
[   15.122780] cloud-init[939]: |       . ..o. = +|
[   15.132852] cloud-init[939]: |        o... . Oo|
[   15.144939] cloud-init[939]: |       . =. . oo*|
[   15.152576] cloud-init[939]: |        o o.   .+|
[   15.161707] cloud-init[939]: +----[SHA256]-----+
[   15.168756] cloud-init[939]: Generating public/private dsa key pair.
[   15.182905] cloud-init[939]: Your identification has been saved in /etc/ssh/ssh_host_dsa_key.
[   15.202948] cloud-init[939]: Your public key has been saved in /etc/ssh/ssh_host_dsa_key.pub.
[   15.217898] cloud-init[939]: The key fingerprint is:
[   15.231775] cloud-init[939]: SHA256:KiRFYvN/BEiU8nClHzfCPso3EYO2/BL2s3NskymyfSU root@ubuntu-xenial
[   15.245420] cloud-init[939]: The key's randomart image is:
[   15.258817] cloud-init[939]: +---[DSA 1024]----+
[   15.267597] cloud-init[939]: |  +o++o          |
[   15.277061] cloud-init[939]: | .o=++ .         |
[   15.283659] cloud-init[939]: |   =* * +        |
[   15.291420] cloud-init[939]: |   +.= B .       |
[   15.299821] cloud-init[939]: |  . * * S        |
[   15.307854] cloud-init[939]: |   = = =E .      |
[   15.315090] cloud-init[939]: |    = B. =       |
[   15.321688] cloud-init[939]: |    .=o+O        |
[   15.329718] cloud-init[939]: |    .oo* .       |
[   15.336673] cloud-init[939]: +----[SHA256]-----+
[   15.346562] cloud-init[939]: Generating public/private ecdsa key pair.
[   15.360997] cloud-init[939]: Your identification has been saved in /etc/ssh/ssh_host_ecdsa_key.
[   15.373804] cloud-init[939]: Your public key has been saved in /etc/ssh/ssh_host_ecdsa_key.pub.
[   15.385920] cloud-init[939]: The key fingerprint is:
[   15.397380] cloud-init[939]: SHA256:dZjVLdNY+PmZmQxmABOEwClvYSHeVIBPYLEX1lfk0YQ root@ubuntu-xenial
[   15.410637] cloud-init[939]: The key's randomart image is:
[   15.420761] cloud-init[939]: +---[ECDSA 256]---+
[   15.433365] cloud-init[939]: |   ==BB.o==+=o *.|[[0;32m  OK  [0m] Started Snap Daemon.

[   15.461537] cloud-init[939]: |  oo**.o .oE..* o|
[   15.474933] cloud-init[939]: |   o*o. . +.o  +.|         Starting Wait until snapd is fully seeded...

[   15.492132] cloud-init[939]: |    .+   . . + ..|
[   15.498161] cloud-init[939]: |    .   S   o o *|
[   15.502920] cloud-init[939]: |               *.|
[   15.509705] cloud-init[939]: |                 |
[   15.517688] cloud-init[939]: |                 |
[   15.530573] cloud-init[939]: |                 |
[   15.538682] cloud-init[939]: +----[SHA256]-----+
[   15.542985] cloud-init[939]: Generating public/private ed25519 key pair.
[   15.547691] cloud-init[939]: Your identification has been saved in /etc/ssh/ssh_host_ed25519_key.
[   15.553577] cloud-init[939]: Your public key has been saved in /etc/ssh/ssh_host_ed25519_key.pub.
[   15.559108] cloud-init[939]: The key fingerprint is:
[   15.564753] cloud-init[939]: SHA256:FtWlaLHUUPr1jHRc9OCRhunKk2nDYFN9a+/XMnTNzxg root@ubuntu-xenial
[   15.576250] cloud-init[939]: The key's randomart image is:
[   15.584025] cloud-init[939]: +--[ED25519 256]--+
[   15.601482] cloud-init[939]: |          =*.++oo|
[   15.607282] cloud-init[939]: |         o.=*o++o|
[   15.621252] cloud-init[939]: |        ..=..o+.+|
[   15.634903] cloud-init[939]: |        +o ..oo= |
[   15.644973] cloud-init[939]: |       .S= +...o+|
[   15.653212] cloud-init[939]: |       .  X   E =|
[   15.671516] cloud-init[939]: |         . o . *o|
[   15.687664] cloud-init[939]: |              + *|
[   15.699710] cloud-init[939]: |               o.|
[   15.709548] cloud-init[939]: +----[SHA256]-----+
[[0;32m  OK  [0m] Started Wait until snapd is fully seeded.
         Starting Apply the settings specified in cloud-config...
[   17.237416] cloud-init[1278]: Generating locales (this might take a while)...
[   18.616045] cloud-init[1278]:   en_US.UTF-8... done
[   18.620734] cloud-init[1278]: Generation complete.
[   19.050421] cloud-init[1278]: Cloud-init v. 21.1-19-gbad84ad4-0ubuntu1~16.04.2 running 'modules:config' at Mon, 26 Jun 2023 14:01:15 +0000. Up 17.10 seconds.
[[0;32m  OK  [0m] Started Apply the settings specified in cloud-config.

Ubuntu 16.04.7 LTS ubuntu-xenial ttyS0

ubuntu-xenial login: ci-info: no authorized SSH keys fingerprints found for user ubuntu.
<14>Jun 26 14:01:24 ec2: 
<14>Jun 26 14:01:24 ec2: #############################################################
<14>Jun 26 14:01:24 ec2: -----BEGIN SSH HOST KEY FINGERPRINTS-----
<14>Jun 26 14:01:24 ec2: 1024 SHA256:KiRFYvN/BEiU8nClHzfCPso3EYO2/BL2s3NskymyfSU root@ubuntu-xenial (DSA)
<14>Jun 26 14:01:24 ec2: 256 SHA256:dZjVLdNY+PmZmQxmABOEwClvYSHeVIBPYLEX1lfk0YQ root@ubuntu-xenial (ECDSA)
<14>Jun 26 14:01:24 ec2: 256 SHA256:FtWlaLHUUPr1jHRc9OCRhunKk2nDYFN9a+/XMnTNzxg root@ubuntu-xenial (ED25519)
<14>Jun 26 14:01:24 ec2: 2048 SHA256:Uj3yh4sb3nxIFflvpMsNv+XxlFArQoeQZB9fFiWdHCo root@ubuntu-xenial (RSA)
<14>Jun 26 14:01:24 ec2: -----END SSH HOST KEY FINGERPRINTS-----
<14>Jun 26 14:01:24 ec2: #############################################################
-----BEGIN SSH HOST KEY KEYS-----
ecdsa-sha2-nistp256 AAAAE2VjZHNhLXNoYTItbmlzdHAyNTYAAAAIbmlzdHAyNTYAAABBBDK0jg+K7KO9e7NKTuLR21DNW4hvvfaAipiyaTNs0f0tJesfUxo/QdPLWeo0y3Pbqy7ztvSTT3xF7qjuamCgXbo= root@ubuntu-xenial
ssh-ed25519 AAAAC3NzaC1lZDI1NTE5AAAAIBXAdYgsol+BcqmoFZSVyYo7y0ZxqHfjhKeVt4WJDLVM root@ubuntu-xenial
ssh-rsa AAAAB3NzaC1yc2EAAAADAQABAAABAQC3oPk19cX83WGSYRZiGBlyM6SBEB9iuVHJBJvSvvjz2crYfszrYFx9LDo3UaF3VzjdKipWQFNFuL+9oS/uEzmEE9M4pBFNAfD+QNE7WHMZqERee4HWJUFIZKiTI4pzmD/R7er8aC3SfLJNmXvGOO9rjKcZ4sS4mPBypH3qbwHvky9Mnzn2CxfocH+6TubottqnoDRrc5GDzDw0z9fKaKLPNmrPaxDYluodTEKW8//pMF3s1SU/dLJdydj6r0jec8Lt9YeOagbZzTqi+d5q1S9SLouSInnCLR9U7SwemJ07pDjz/ByRi9PO5TRoYGpCCpRVUDbR/Nk+ZiuzPpRPiu/r root@ubuntu-xenial
-----END SSH HOST KEY KEYS-----
[   26.296174] cloud-init[1334]: Cloud-init v. 21.1-19-gbad84ad4-0ubuntu1~16.04.2 running 'modules:final' at Mon, 26 Jun 2023 14:01:24 +0000. Up 26.03 seconds.
[   26.296582] cloud-init[1334]: ci-info: no authorized SSH keys fingerprints found for user ubuntu.
[   26.296722] cloud-init[1334]: Cloud-init v. 21.1-19-gbad84ad4-0ubuntu1~16.04.2 finished at Mon, 26 Jun 2023 14:01:24 +0000. Datasource DataSourceNoCloud [seed=/dev/sdb][dsmode=net].  Up 26.28 seconds
